// Jest Snapshot v1, https://goo.gl/fbAQLP

exports[`alias option @alias 1`] = `"option(\\"foo\\", { type: \\"string\\", alias: \\"f\\" })"`;

exports[`convert() types Array<boolean> 1`] = `"option(\\"foo\\", { type: \\"boolean\\", array: true })"`;

exports[`convert() types Array<number> 1`] = `"option(\\"foo\\", { type: \\"number\\", array: true })"`;

exports[`convert() types Array<string> 1`] = `"option(\\"foo\\", { type: \\"string\\", array: true })"`;

exports[`convert() types boolean 1`] = `"option(\\"foo\\", { type: \\"boolean\\" })"`;

exports[`convert() types boolean[] 1`] = `"option(\\"foo\\", { type: \\"boolean\\", array: true })"`;

exports[`convert() types enum 1`] = `"option(\\"foo\\", { type: \\"string\\", choices: [E.A, E.B] })"`;

exports[`convert() types mulit properties 1`] = `
"option(\\"foo\\", { type: \\"string\\", choices: [E.A, E.B] })
option(\\"bar\\", { type: \\"string\\" })
option(\\"baz\\", { type: \\"boolean\\", array: true })"
`;

exports[`convert() types number 1`] = `"option(\\"foo\\", { type: \\"number\\" })"`;

exports[`convert() types number[] 1`] = `"option(\\"foo\\", { type: \\"number\\", array: true })"`;

exports[`convert() types string 1`] = `"option(\\"foo\\", { type: \\"string\\" })"`;

exports[`convert() types string[] 1`] = `"option(\\"foo\\", { type: \\"string\\", array: true })"`;

exports[`default value @default boolean 1`] = `"option(\\"foo\\", { type: \\"boolean\\", default: true })"`;

exports[`default value @default boolean[] 1`] = `"option(\\"foo\\", { type: \\"boolean\\", array: true, default: [true, false] })"`;

exports[`default value @default enum 1`] = `"option(\\"foo\\", { type: \\"string\\", choices: [E.A, E.B], default: E.A })"`;

exports[`default value @default number 1`] = `"option(\\"foo\\", { type: \\"number\\", default: 42 })"`;

exports[`default value @default number[] 1`] = `"option(\\"foo\\", { type: \\"number\\", array: true, default: [1, 2, 3] })"`;

exports[`default value @default string 1`] = `"option(\\"foo\\", { type: \\"string\\", default: \\"bar\\" })"`;

exports[`default value @default string[] 1`] = `"option(\\"foo\\", { type: \\"string\\", array: true, default: [\\"a\\", \\"b\\"] })"`;

exports[`demandOption option @demandOption 1`] = `"option(\\"foo\\", { type: \\"string\\", demandOption: true })"`;

exports[`demandOption option @required 1`] = `"option(\\"foo\\", { type: \\"string\\", demandOption: true })"`;

exports[`description option @description 1`] = `"option(\\"foo\\", { type: \\"string\\", description: \\"description\\" })"`;
